I'm sorry, but errors were detected in your script. Please correct the
errors listed below, and try again.


File "game/script.rpy", line 73: 'halign' is not a keyword argument or valid child of the text statement.
    text "Rolling..." halign 0.5 size 40
                            ^

Ren'Py Version: Ren'Py 8.4.1.25072401
Fri Dec 19 17:44:08 2025
